Archive member included to satisfy reference by file (symbol)

c:/program files (x86)/atmel/studio/7.0/toolchain/arm/arm-gnu-toolchain/bin/../lib/gcc/arm-none-eabi/6.3.1/../../../../arm-none-eabi/lib/thumb/v6-m\libm.a(lib_a-wf_acos.o)
                              servos.o (acosf)
c:/program files (x86)/atmel/studio/7.0/toolchain/arm/arm-gnu-toolchain/bin/../lib/gcc/arm-none-eabi/6.3.1/../../../../arm-none-eabi/lib/thumb/v6-m\libm.a(lib_a-wf_sqrt.o)
                              servos.o (sqrtf)
c:/program files (x86)/atmel/studio/7.0/toolchain/arm/arm-gnu-toolchain/bin/../lib/gcc/arm-none-eabi/6.3.1/../../../../arm-none-eabi/lib/thumb/v6-m\libm.a(lib_a-ef_acos.o)
                              c:/program files (x86)/atmel/studio/7.0/toolchain/arm/arm-gnu-toolchain/bin/../lib/gcc/arm-none-eabi/6.3.1/../../../../arm-none-eabi/lib/thumb/v6-m\libm.a(lib_a-wf_acos.o) (__ieee754_acosf)
c:/program files (x86)/atmel/studio/7.0/toolchain/arm/arm-gnu-toolchain/bin/../lib/gcc/arm-none-eabi/6.3.1/../../../../arm-none-eabi/lib/thumb/v6-m\libm.a(lib_a-ef_sqrt.o)
                              c:/program files (x86)/atmel/studio/7.0/toolchain/arm/arm-gnu-toolchain/bin/../lib/gcc/arm-none-eabi/6.3.1/../../../../arm-none-eabi/lib/thumb/v6-m\libm.a(lib_a-wf_sqrt.o) (__ieee754_sqrtf)
c:/program files (x86)/atmel/studio/7.0/toolchain/arm/arm-gnu-toolchain/bin/../lib/gcc/arm-none-eabi/6.3.1/../../../../arm-none-eabi/lib/thumb/v6-m\libm.a(lib_a-s_lib_ver.o)
                              c:/program files (x86)/atmel/studio/7.0/toolchain/arm/arm-gnu-toolchain/bin/../lib/gcc/arm-none-eabi/6.3.1/../../../../arm-none-eabi/lib/thumb/v6-m\libm.a(lib_a-wf_acos.o) (__fdlib_version)
c:/program files (x86)/atmel/studio/7.0/toolchain/arm/arm-gnu-toolchain/bin/../lib/gcc/arm-none-eabi/6.3.1/../../../../arm-none-eabi/lib/thumb/v6-m\libm.a(lib_a-s_matherr.o)
                              c:/program files (x86)/atmel/studio/7.0/toolchain/arm/arm-gnu-toolchain/bin/../lib/gcc/arm-none-eabi/6.3.1/../../../../arm-none-eabi/lib/thumb/v6-m\libm.a(lib_a-wf_acos.o) (matherr)
c:/program files (x86)/atmel/studio/7.0/toolchain/arm/arm-gnu-toolchain/bin/../lib/gcc/arm-none-eabi/6.3.1/../../../../arm-none-eabi/lib/thumb/v6-m\libm.a(lib_a-s_nan.o)
                              c:/program files (x86)/atmel/studio/7.0/toolchain/arm/arm-gnu-toolchain/bin/../lib/gcc/arm-none-eabi/6.3.1/../../../../arm-none-eabi/lib/thumb/v6-m\libm.a(lib_a-wf_acos.o) (nan)
c:/program files (x86)/atmel/studio/7.0/toolchain/arm/arm-gnu-toolchain/bin/../lib/gcc/arm-none-eabi/6.3.1/../../../../arm-none-eabi/lib/thumb/v6-m\libm.a(lib_a-sf_fabs.o)
                              c:/program files (x86)/atmel/studio/7.0/toolchain/arm/arm-gnu-toolchain/bin/../lib/gcc/arm-none-eabi/6.3.1/../../../../arm-none-eabi/lib/thumb/v6-m\libm.a(lib_a-wf_acos.o) (fabsf)
c:/program files (x86)/atmel/studio/7.0/toolchain/arm/arm-gnu-toolchain/bin/../lib/gcc/arm-none-eabi/6.3.1/thumb/v6-m\libgcc.a(_udivsi3.o)
                              servos.o (__aeabi_uidiv)
c:/program files (x86)/atmel/studio/7.0/toolchain/arm/arm-gnu-toolchain/bin/../lib/gcc/arm-none-eabi/6.3.1/thumb/v6-m\libgcc.a(_dvmd_tls.o)
                              c:/program files (x86)/atmel/studio/7.0/toolchain/arm/arm-gnu-toolchain/bin/../lib/gcc/arm-none-eabi/6.3.1/thumb/v6-m\libgcc.a(_udivsi3.o) (__aeabi_idiv0)
c:/program files (x86)/atmel/studio/7.0/toolchain/arm/arm-gnu-toolchain/bin/../lib/gcc/arm-none-eabi/6.3.1/thumb/v6-m\libgcc.a(_arm_cmpsf2.o)
                              servos.o (__aeabi_fcmplt)
c:/program files (x86)/atmel/studio/7.0/toolchain/arm/arm-gnu-toolchain/bin/../lib/gcc/arm-none-eabi/6.3.1/thumb/v6-m\libgcc.a(_fixunsdfsi.o)
                              serial.o (__aeabi_d2uiz)
c:/program files (x86)/atmel/studio/7.0/toolchain/arm/arm-gnu-toolchain/bin/../lib/gcc/arm-none-eabi/6.3.1/thumb/v6-m\libgcc.a(addsf3.o)
                              servos.o (__aeabi_fadd)
c:/program files (x86)/atmel/studio/7.0/toolchain/arm/arm-gnu-toolchain/bin/../lib/gcc/arm-none-eabi/6.3.1/thumb/v6-m\libgcc.a(divsf3.o)
                              servos.o (__aeabi_fdiv)
c:/program files (x86)/atmel/studio/7.0/toolchain/arm/arm-gnu-toolchain/bin/../lib/gcc/arm-none-eabi/6.3.1/thumb/v6-m\libgcc.a(eqsf2.o)
                              c:/program files (x86)/atmel/studio/7.0/toolchain/arm/arm-gnu-toolchain/bin/../lib/gcc/arm-none-eabi/6.3.1/thumb/v6-m\libgcc.a(_arm_cmpsf2.o) (__eqsf2)
c:/program files (x86)/atmel/studio/7.0/toolchain/arm/arm-gnu-toolchain/bin/../lib/gcc/arm-none-eabi/6.3.1/thumb/v6-m\libgcc.a(gesf2.o)
                              c:/program files (x86)/atmel/studio/7.0/toolchain/arm/arm-gnu-toolchain/bin/../lib/gcc/arm-none-eabi/6.3.1/thumb/v6-m\libgcc.a(_arm_cmpsf2.o) (__gesf2)
c:/program files (x86)/atmel/studio/7.0/toolchain/arm/arm-gnu-toolchain/bin/../lib/gcc/arm-none-eabi/6.3.1/thumb/v6-m\libgcc.a(lesf2.o)
[...]
Memory Configuration

Name             Origin             Length             Attributes
rom              0x00000000         0x00040000         xr
ram              0x20000000         0x00008000         xrw
*default*        0x00000000         0xffffffff

Linker script and memory map

LOAD c:/program files (x86)/atmel/studio/7.0/toolchain/arm/arm-gnu-toolchain/bin/../lib/gcc/arm-none-eabi/6.3.1/thumb/v6-m/crti.o
LOAD c:/program files (x86)/atmel/studio/7.0/toolchain/arm/arm-gnu-toolchain/bin/../lib/gcc/arm-none-eabi/6.3.1/thumb/v6-m/crtbegin.o
LOAD c:/program files (x86)/atmel/studio/7.0/toolchain/arm/arm-gnu-toolchain/bin/../lib/gcc/arm-none-eabi/6.3.1/../../../../arm-none-eabi/lib/thumb/v6-m/crt0.o
LOAD adc.o
LOAD compute.o
LOAD Device_Startup/startup_samd21.o
LOAD Device_Startup/system_samd21.o
LOAD emg.o
LOAD hand.o
LOAD i2c.o
LOAD i2c_mux.o
LOAD kx003.o
LOAD main.o
LOAD serial.o
LOAD servos.o
LOAD timer.o
START GROUP
LOAD c:/program files (x86)/atmel/studio/7.0/toolchain/arm/arm-gnu-toolchain/bin/../lib/gcc/arm-none-eabi/6.3.1/../../../../arm-none-eabi/lib/thumb/v6-m\libm.a
END GROUP
START GROUP
LOAD c:/program files (x86)/atmel/studio/7.0/toolchain/arm/arm-gnu-toolchain/bin/../lib/gcc/arm-none-eabi/6.3.1/thumb/v6-m\libgcc.a
LOAD c:/program files (x86)/atmel/studio/7.0/toolchain/arm/arm-gnu-toolchain/bin/../lib/gcc/arm-none-eabi/6.3.1/../../../../arm-none-eabi/lib/thumb/v6-m\libc.a
END GROUP
LOAD c:/program files (x86)/atmel/studio/7.0/toolchain/arm/arm-gnu-toolchain/bin/../lib/gcc/arm-none-eabi/6.3.1/thumb/v6-m/crtend.o
LOAD c:/program files (x86)/atmel/studio/7.0/toolchain/arm/arm-gnu-toolchain/bin/../lib/gcc/arm-none-eabi/6.3.1/thumb/v6-m/crtn.o
                0x00002000                STACK_SIZE = DEFINED (STACK_SIZE)?STACK_SIZE:DEFINED (__stack_size__)?__stack_size__:0x2000

.text           0x00000000     0x6548
                0x00000000                . = ALIGN (0x4)
                0x00000000                _sfixed = .
 *(.vectors .vectors.*)
 .vectors       0x00000000       0xb4 Device_Startup/startup_samd21.o
                0x00000000                exception_table
 *(.text .text.* .gnu.linkonce.t.*)
 .text          0x000000b4       0x60 c:/program files (x86)/atmel/studio/7.0/toolchain/arm/arm-gnu-toolchain/bin/../lib/gcc/arm-none-eabi/6.3.1/thumb/v6-m/crtbegin.o
 .text.NVIC_EnableIRQ
                0x00000114       0x2c adc.o
 .text.NVIC_SetPriority
                0x00000140       0xdc adc.o
 .text.adc_init
                0x0000021c      0x12c adc.o
                0x0000021c                adc_init
 .text.adc_stop
                0x00000348       0x3c adc.o
                0x00000348                adc_stop
 .text.adc_read
                0x00000384       0x5c adc.o
                0x00000384                adc_read
 .text.adc_register
                0x000003e0       0x30 adc.o
                0x000003e0                adc_register
 .text.adc_unregister
                0x00000410       0x2c adc.o
                0x00000410                adc_unregister
 .text._adc_default_func
                0x0000043c       0x16 adc.o
                0x0000043c                _adc_default_func
 *fill*         0x00000452        0x2 
 .text.ADC_Handler
                0x00000454       0xcc adc.o
                0x00000454                ADC_Handler
 .text.compute_init
                0x00000520       0xf4 compute.o
                0x00000520                compute_init
 .text.compute_stop
                0x00000614       0x1c compute.o
                0x00000614                compute_stop
 .text.compute_begin
                0x00000630       0x84 compute.o
                0x00000630                compute_begin
 .text.compute_complete
                0x000006b4       0x30 compute.o
                0x000006b4                compute_complete
 .text.compute_get_emg_ref
                0x000006e4       0x44 compute.o
                0x000006e4                compute_get_emg_ref
 .text._comp_internal
                0x00000728       0x74 compute.o
                0x00000728                _comp_internal
 .text._comp_current_sample_row
                0x0000079c       0x18 compute.o
                0x0000079c                _comp_current_sample_row
 .text._comp_current_model_row
                0x000007b4       0x14 compute.o
                0x000007b4                _comp_current_model_row
 .text._comp_toggle_row
                0x000007c8       0x28 compute.o
                0x000007c8                _comp_toggle_row
 .text._comp_callback
                0x000007f0       0x80 compute.o
                0x000007f0                _comp_callback
 .text._comp_model_0
                0x00000870       0x12 compute.o
                0x00000870                _comp_model_0
 .text._comp_model_1
                0x00000882       0x12 compute.o
                0x00000882                _comp_model_1
 .text._comp_model_2
                0x00000894       0x12 compute.o
                0x00000894                _comp_model_2
 .text._comp_model_3
                0x000008a6       0x12 compute.o
                0x000008a6                _comp_model_3
 .text._comp_model_4
                0x000008b8       0x12 compute.o
                0x000008b8                _comp_model_4
 .text._comp_model_5
                0x000008ca       0x12 compute.o
                0x000008ca                _comp_model_5
 .text._comp_model_6
                0x000008dc       0x12 compute.o
                0x000008dc                _comp_model_6
 .text._comp_model_7
                0x000008ee       0x12 compute.o
                0x000008ee                _comp_model_7
 .text._comp_model_8
                0x00000900       0x12 compute.o
                0x00000900                _comp_model_8
 .text._comp_model_9
                0x00000912       0x12 compute.o
                0x00000912                _comp_model_9
 .text._comp_model_10
                0x00000924       0x12 compute.o
                0x00000924                _comp_model_10
 .text._comp_model_11
                0x00000936       0x12 compute.o
                0x00000936                _comp_model_11
 .text._comp_model_12
                0x00000948       0x12 compute.o
                0x00000948                _comp_model_12
 .text._comp_model_13
                0x0000095a       0x12 compute.o
                0x0000095a                _comp_model_13
 .text._comp_model_14
                0x0000096c       0x12 compute.o
                0x0000096c                _comp_model_14
 *fill*         0x0000097e        0x2 
 .text.Reset_Handler
                0x00000980       0xf8 Device_Startup/startup_samd21.o
                0x00000980                Reset_Handler
 .text.Dummy_Handler
                0x00000a78        0x6 Device_Startup/startup_samd21.o
                0x00000a78                SVCall_Handler
                0x00000a78                DMAC_Handler
                0x00000a78                HardFault_Handler
                0x00000a78                AC_Handler
                0x00000a78                PendSV_Handler
                0x00000a78                SERCOM1_Handler
                0x00000a78                NonMaskableInt_Handler
                0x00000a78                TCC1_Handler
                0x00000a78                SERCOM2_Handler
                0x00000a78                TCC0_Handler
                0x00000a78                RTC_Handler
                0x00000a78                EIC_Handler
                0x00000a78                WDT_Handler
                0x00000a78                TC4_Handler
                0x00000a78                USB_Handler
                0x00000a78                TC3_Handler
                0x00000a78                Dummy_Handler
                0x00000a78                PM_Handler
                0x00000a78                TCC2_Handler
                0x00000a78                EVSYS_Handler
                0x00000a78                SERCOM3_Handler
                0x00000a78                SERCOM4_Handler
                0x00000a78                I2S_Handler
                0x00000a78                NVMCTRL_Handler
                0x00000a78                SERCOM0_Handler
                0x00000a78                DAC_Handler
                0x00000a78                PTC_Handler
                0x00000a78                TC5_Handler
                0x00000a78                SYSCTRL_Handler
 *fill*         0x00000a7e        0x2 
 .text.SystemInit
                0x00000a80      0x224 Device_Startup/system_samd21.o
                0x00000a80                SystemInit
 .text.emg_setup
                0x00000ca4       0x90 emg.o
                0x00000ca4                emg_setup
 .text.emg_stop
                0x00000d34       0x14 emg.o
                0x00000d34                emg_stop
 .text.emg_sample
                0x00000d48       0x58 emg.o
                0x00000d48                emg_sample
 .text.emg_sample_complete
                0x00000da0       0x1c emg.o
                0x00000da0                emg_sample_complete
 .text._emg_callback
                0x00000dbc       0x90 emg.o
                0x00000dbc                _emg_callback
 .text.hand_init
                0x00000e4c       0x68 hand.o
                0x00000e4c                hand_init
 .text.hand_stop
                0x00000eb4       0x68 hand.o
                0x00000eb4                hand_stop
 .text.hand_read
                0x00000f1c       0x30 hand.o
                0x00000f1c                hand_read
 .text.hand_read_complete
                0x00000f4c      0x198 hand.o
                0x00000f4c                hand_read_complete
 .text._hand_i2c_mux
                0x000010e4       0x70 hand.o
                0x000010e4                _hand_i2c_mux
 .text._hand_kx003
                0x00001154       0x6c hand.o
                0x00001154                _hand_kx003
 .text.i2c_init
                0x000011c0       0x78 i2c.o
                0x000011c0                i2c_init
 .text.i2c_stop
                0x00001238       0x58 i2c.o
                0x00001238                i2c_stop
 .text.i2c_timeout
                0x00001290       0x2c i2c.o
                0x00001290                i2c_timeout
 .text.i2c_begin_read
                0x000012bc       0x4c i2c.o
                0x000012bc                i2c_begin_read
 .text.i2c_begin_write
                0x00001308       0x40 i2c.o
                0x00001308                i2c_begin_write
 .text.i2c_tx_flag
                0x00001348       0x14 i2c.o
                0x00001348                i2c_tx_flag
 .text.i2c_rx_flag
                0x0000135c       0x14 i2c.o
                0x0000135c                i2c_rx_flag
 .text.i2c_read
                0x00001370       0x50 i2c.o
                0x00001370                i2c_read
 .text.i2c_write
                0x000013c0       0x34 i2c.o
                0x000013c0                i2c_write
 .text.i2c_register
                0x000013f4       0x4c i2c.o
                0x000013f4                i2c_register
 .text.i2c_unregister
                0x00001440       0x34 i2c.o
                0x00001440                i2c_unregister
 .text.i2c_rx_stop
                0x00001474       0x3c i2c.o
                0x00001474                i2c_rx_stop
 .text.i2c_tx_stop
                0x000014b0       0x20 i2c.o
                0x000014b0                i2c_tx_stop
 .text.i2c_registered
                0x000014d0       0x24 i2c.o
                0x000014d0                i2c_registered
 .text._i2c_failed_flag
                0x000014f4        0xc i2c.o
                0x000014f4                _i2c_failed_flag
 .text._i2c_default_func
                0x00001500       0x34 i2c.o
                0x00001500                _i2c_default_func
 .text._SERCOM3_Handler
                0x00001534       0xa4 i2c.o
                0x00001534                _SERCOM3_Handler
 .text.i2c_mux_init
                0x000015d8       0x4c i2c_mux.o
                0x000015d8                i2c_mux_init
 .text.i2c_mux_write
                0x00001624       0x58 i2c_mux.o
                0x00001624                i2c_mux_write
 .text.i2c_mux_write_complete
                0x0000167c       0x1c i2c_mux.o
                0x0000167c                i2c_mux_write_complete
 .text._i2c_mux_callback
                0x00001698       0x74 i2c_mux.o
                0x00001698                _i2c_mux_callback
 .text.kx003_init
                0x0000170c       0x94 kx003.o
                0x0000170c                kx003_init
 .text.kx003_stop
                0x000017a0       0x88 kx003.o
                0x000017a0                kx003_stop
 .text.kx003_read
                0x00001828       0x9c kx003.o
                0x00001828                kx003_read
 .text.kx003_read_complete
                0x000018c4       0x1c kx003.o
                0x000018c4                kx003_read_complete
 .text._kx003_init_callback
                0x000018e0       0x84 kx003.o
                0x000018e0                _kx003_init_callback
 .text._kx003_stop_callback
                0x00001964       0x84 kx003.o
                0x00001964                _kx003_stop_callback
 .text._kx003_read_callback
                0x000019e8      0x12c kx003.o
                0x000019e8                _kx003_read_callback
 .text.main     0x00001b14      0xde8 main.o
                0x00001b14                main
 .text.transmit
                0x000028fc       0xc4 main.o
                0x000028fc                transmit
 .text.tx_callback
                0x000029c0       0x58 main.o
                0x000029c0                tx_callback
 .text.rx_mode_setter
                0x00002a18       0x64 main.o
                0x00002a18                rx_mode_setter
 .text.NVIC_EnableIRQ
                0x00002a7c       0x2c serial.o
 .text.NVIC_SetPriority
                0x00002aa8       0xdc serial.o
 .text.serial_init
                0x00002b84      0x228 serial.o
                0x00002b84                serial_init
 .text.serial_timeout
                0x00002dac       0x2c serial.o
                0x00002dac                serial_timeout
 .text.serial_tx_flag
                0x00002dd8       0x18 serial.o
                0x00002dd8                serial_tx_flag
 .text.serial_rx_flag
                0x00002df0       0x18 serial.o
                0x00002df0                serial_rx_flag
 .text.serial_read
                0x00002e08       0x30 serial.o
                0x00002e08                serial_read
 .text.serial_write
                0x00002e38       0x50 serial.o
                0x00002e38                serial_write
 .text.serial_register
                0x00002e88       0x8c serial.o
                0x00002e88                serial_register
 .text.serial_registered
                0x00002f14       0x34 serial.o
                0x00002f14                serial_registered
 .text.serial_unregister
                0x00002f48       0x30 serial.o
                0x00002f48                serial_unregister
 .text.serial_register_rx
                0x00002f78       0x38 serial.o
                0x00002f78                serial_register_rx
 .text.serial_unregister_rx
                0x00002fb0       0x34 serial.o
                0x00002fb0                serial_unregister_rx
 .text.serial_set_default_rx
                0x00002fe4       0x28 serial.o
                0x00002fe4                serial_set_default_rx
 .text.serial_register_tx
                0x0000300c       0x38 serial.o
                0x0000300c                serial_register_tx
 .text.serial_unregister_tx
                0x00003044       0x34 serial.o
                0x00003044                serial_unregister_tx
 .text._serial_rx_registered
                0x00003078       0x24 serial.o
                0x00003078                _serial_rx_registered
 .text._serial_tx_registered
                0x0000309c       0x24 serial.o
                0x0000309c                _serial_tx_registered
 .text._serial_tx_clear
                0x000030c0       0x18 serial.o
                0x000030c0                _serial_tx_clear
 .text._serial_default_tx
                0x000030d8        0xc serial.o
                0x000030d8                _serial_default_tx
 .text._serial_default_rx
                0x000030e4       0x14 serial.o
                0x000030e4                _serial_default_rx
 .text.SERCOM5_Handler
                0x000030f8       0x64 serial.o
                0x000030f8                SERCOM5_Handler
 .text.servos_init
                0x0000315c       0xc8 servos.o
                0x0000315c                servos_init
 .text.servos_stop
                0x00003224       0x70 servos.o
                0x00003224                servos_stop
 .text.servos_write
                0x00003294       0x5c servos.o
                0x00003294                servos_write
 .text.servos_write_complete
                0x000032f0       0x1c servos.o
                0x000032f0                servos_write_complete
 .text.servos_compute
                0x0000330c       0x34 servos.o
                0x0000330c                servos_compute
 .text.servos_compute_complete
                0x00003340      0x2f0 servos.o
                0x00003340                servos_compute_complete
 .text._servos_comp
                0x00003630       0xd0 servos.o
                0x00003630                _servos_comp
 .text._servos_dot
                0x00003700       0x7c servos.o
                0x00003700                _servos_dot
 .text._servos_mag
                0x0000377c       0x30 servos.o
                0x0000377c                _servos_mag
 .text._servos_byte_callback
                0x000037ac       0x70 servos.o
                0x000037ac                _servos_byte_callback
 .text._servos_regs_callback
                0x0000381c      0x114 servos.o
                0x0000381c                _servos_regs_callback
 .text.NVIC_SetPriority
                0x00003930       0xdc timer.o
 .text.SysTick_Config
                0x00003a0c       0x4c timer.o
 .text.timer_init
                0x00003a58       0x28 timer.o
                0x00003a58                timer_init
 .text.timer_get
                0x00003a80       0x18 timer.o
                0x00003a80                timer_get
 .text.timer_delay
                0x00003a98       0x44 timer.o
                0x00003a98                timer_delay
 .text.SysTick_Handler
                0x00003adc       0x24 timer.o
                0x00003adc                SysTick_Handler
 .text.acosf    0x00003b00       0xa8 c:/program files (x86)/atmel/studio/7.0/toolchain/arm/arm-gnu-toolchain/bin/../lib/gcc/arm-none-eabi/6.3.1/../../../../arm-none-eabi/lib/thumb/v6-m\libm.a(lib_a-wf_acos.o)
                0x00003b00                acosf
 .text.sqrtf    0x00003ba8       0xa4 c:/program files (x86)/atmel/studio/7.0/toolchain/arm/arm-gnu-toolchain/bin/../lib/gcc/arm-none-eabi/6.3.1/../../../../arm-none-eabi/lib/thumb/v6-m\libm.a(lib_a-wf_sqrt.o)
                0x00003ba8                sqrtf
 .text.__ieee754_acosf
                0x00003c4c      0x2c8 c:/program files (x86)/atmel/studio/7.0/toolchain/arm/arm-gnu-toolchain/bin/../lib/gcc/arm-none-eabi/6.3.1/../../../../arm-none-eabi/lib/thumb/v6-m\libm.a(lib_a-ef_acos.o)
                0x00003c4c                __ieee754_acosf
 .text.__ieee754_sqrtf
                0x00003f14       0xb8 c:/program files (x86)/atmel/studio/7.0/toolchain/arm/arm-gnu-toolchain/bin/../lib/gcc/arm-none-eabi/6.3.1/../../../../arm-none-eabi/lib/thumb/v6-m\libm.a(lib_a-ef_sqrt.o)
                0x00003f14                __ieee754_sqrtf
 .text.matherr  0x00003fcc        0x4 c:/program files (x86)/atmel/studio/7.0/toolchain/arm/arm-gnu-toolchain/bin/../lib/gcc/arm-none-eabi/6.3.1/../../../../arm-none-eabi/lib/thumb/v6-m\libm.a(lib_a-s_matherr.o)
                0x00003fcc                matherr
 .text.nan      0x00003fd0        0xc c:/program files (x86)/atmel/studio/7.0/toolchain/arm/arm-gnu-toolchain/bin/../lib/gcc/arm-none-eabi/6.3.1/../../../../arm-none-eabi/lib/thumb/v6-m\libm.a(lib_a-s_nan.o)
                0x00003fd0                nan
 .text.fabsf    0x00003fdc        0x8 c:/program files (x86)/atmel/studio/7.0/toolchain/arm/arm-gnu-toolchain/bin/../lib/gcc/arm-none-eabi/6.3.1/../../../../arm-none-eabi/lib/thumb/v6-m\libm.a(lib_a-sf_fabs.o)
                0x00003fdc                fabsf
 .text          0x00003fe4      0x114 c:/program files (x86)/atmel/studio/7.0/toolchain/arm/arm-gnu-toolchain/bin/../lib/gcc/arm-none-eabi/6.3.1/thumb/v6-m\libgcc.a(_udivsi3.o)
                0x00003fe4                __aeabi_uidiv
                0x00003fe4                __udivsi3
                0x000040f0                __aeabi_uidivmod
 .text          0x000040f8        0x4 c:/program files (x86)/atmel/studio/7.0/toolchain/arm/arm-gnu-toolchain/bin/../lib/gcc/arm-none-eabi/6.3.1/thumb/v6-m\libgcc.a(_dvmd_tls.o)
                0x000040f8                __aeabi_idiv0
                0x000040f8                __aeabi_ldiv0
 .text          0x000040fc       0x74 c:/program files (x86)/atmel/studio/7.0/toolchain/arm/arm-gnu-toolchain/bin/../lib/gcc/arm-none-eabi/6.3.1/thumb/v6-m\libgcc.a(_arm_cmpsf2.o)
                0x000040fc                __aeabi_cfrcmple
                0x00004104                __aeabi_cfcmpeq
                0x00004104                __aeabi_cfcmple
                0x00004114                __aeabi_fcmpeq
                0x00004120                __aeabi_fcmplt
                0x00004134                __aeabi_fcmple
                0x00004148                __aeabi_fcmpgt
                0x0000415c                __aeabi_fcmpge
 .text          0x00004170       0x3c c:/program files (x86)/atmel/studio/7.0/toolchain/arm/arm-gnu-toolchain/bin/../lib/gcc/arm-none-eabi/6.3.1/thumb/v6-m\libgcc.a(_fixunsdfsi.o)
                0x00004170                __aeabi_d2uiz
                0x00004170                __fixunsdfsi
 .text          0x000041ac      0x324 c:/program files (x86)/atmel/studio/7.0/toolchain/arm/arm-gnu-toolchain/bin/../lib/gcc/arm-none-eabi/6.3.1/thumb/v6-m\libgcc.a(addsf3.o)
                0x000041ac                __aeabi_fadd
 .text          0x000044d0      0x290 c:/program files (x86)/atmel/studio/7.0/toolchain/arm/arm-gnu-toolchain/bin/../lib/gcc/arm-none-eabi/6.3.1/thumb/v6-m\libgcc.a(divsf3.o)
                0x000044d0                __aeabi_fdiv
 .text          0x00004760       0x4c c:/program files (x86)/atmel/studio/7.0/toolchain/arm/arm-gnu-toolchain/bin/../lib/gcc/arm-none-eabi/6.3.1/thumb/v6-m\libgcc.a(eqsf2.o)
                0x00004760                __eqsf2
                0x00004760                __nesf2
 .text          0x000047ac       0x80 c:/program files (x86)/atmel/studio/7.0/toolchain/arm/arm-gnu-toolchain/bin/../lib/gcc/arm-none-eabi/6.3.1/thumb/v6-m\libgcc.a(gesf2.o)
                0x000047ac                __gesf2
                0x000047ac                __gtsf2
 .text          0x0000482c       0x84 c:/program files (x86)/atmel/studio/7.0/toolchain/arm/arm-gnu-toolchain/bin/../lib/gcc/arm-none-eabi/6.3.1/thumb/v6-m\libgcc.a(lesf2.o)
                0x0000482c                __ltsf2
                0x0000482c                __lesf2
 .text          0x000048b0      0x240 c:/program files (x86)/atmel/studio/7.0/toolchain/arm/arm-gnu-toolchain/bin/../lib/gcc/arm-none-eabi/6.3.1/thumb/v6-m\libgcc.a(mulsf3.o)
                0x000048b0                __aeabi_fmul
 .text          0x00004af0      0x338 c:/program files (x86)/atmel/studio/7.0/toolchain/arm/arm-gnu-toolchain/bin/../lib/gcc/arm-none-eabi/6.3.1/thumb/v6-m\libgcc.a(subsf3.o)
                0x00004af0                __aeabi_fsub
 .text          0x00004e28       0x30 c:/program files (x86)/atmel/studio/7.0/toolchain/arm/arm-gnu-toolchain/bin/../lib/gcc/arm-none-eabi/6.3.1/thumb/v6-m\libgcc.a(unordsf2.o)
                0x00004e28                __aeabi_fcmpun
 .text          0x00004e58       0xa0 c:/program files (x86)/atmel/studio/7.0/toolchain/arm/arm-gnu-toolchain/bin/../lib/gcc/arm-none-eabi/6.3.1/thumb/v6-m\libgcc.a(floatsisf.o)
                0x00004e58                __aeabi_i2f
 .text          0x00004ef8      0x668 c:/program files (x86)/atmel/studio/7.0/toolchain/arm/arm-gnu-toolchain/bin/../lib/gcc/arm-none-eabi/6.3.1/thumb/v6-m\libgcc.a(divdf3.o)
                0x00004ef8                __aeabi_ddiv
 .text          0x00005560      0x62c c:/program files (x86)/atmel/studio/7.0/toolchain/arm/arm-gnu-toolchain/bin/../lib/gcc/arm-none-eabi/6.3.1/thumb/v6-m\libgcc.a(subdf3.o)
                0x00005560                __aeabi_dsub
 .text          0x00005b8c       0x68 c:/program files (x86)/atmel/studio/7.0/toolchain/arm/arm-gnu-toolchain/bin/../lib/gcc/arm-none-eabi/6.3.1/thumb/v6-m\libgcc.a(fixdfsi.o)
                0x00005b8c                __aeabi_d2iz
 .text          0x00005bf4       0x70 c:/program files (x86)/atmel/studio/7.0/toolchain/arm/arm-gnu-toolchain/bin/../lib/gcc/arm-none-eabi/6.3.1/thumb/v6-m\libgcc.a(floatunsidf.o)
                0x00005bf4                __aeabi_ui2d
 .text          0x00005c64       0xa4 c:/program files (x86)/atmel/studio/7.0/toolchain/arm/arm-gnu-toolchain/bin/../lib/gcc/arm-none-eabi/6.3.1/thumb/v6-m\libgcc.a(extendsfdf2.o)
                0x00005c64                __aeabi_f2d
 .text          0x00005d08      0x114 c:/program files (x86)/atmel/studio/7.0/toolchain/arm/arm-gnu-toolchain/bin/../lib/gcc/arm-none-eabi/6.3.1/thumb/v6-m\libgcc.a(truncdfsf2.o)
                0x00005d08                __aeabi_d2f
 .text          0x00005e1c       0x7c c:/program files (x86)/atmel/studio/7.0/toolchain/arm/arm-gnu-toolchain/bin/../lib/gcc/arm-none-eabi/6.3.1/thumb/v6-m\libgcc.a(_arm_cmpdf2.o)
                0x00005e1c                __aeabi_cdrcmple
                0x00005e2c                __aeabi_cdcmple
                0x00005e2c                __aeabi_cdcmpeq
                0x00005e3c                __aeabi_dcmpeq
                0x00005e48                __aeabi_dcmplt
                0x00005e5c                __aeabi_dcmple
                0x00005e70                __aeabi_dcmpgt
                0x00005e84                __aeabi_dcmpge
 .text          0x00005e98       0x3c c:/program files (x86)/atmel/studio/7.0/toolchain/arm/arm-gnu-toolchain/bin/../lib/gcc/arm-none-eabi/6.3.1/thumb/v6-m\libgcc.a(_clzsi2.o)
                0x00005e98                __clzsi2
 .text          0x00005ed4       0x74 c:/program files (x86)/atmel/studio/7.0/toolchain/arm/arm-gnu-toolchain/bin/../lib/gcc/arm-none-eabi/6.3.1/thumb/v6-m\libgcc.a(eqdf2.o)
                0x00005ed4                __nedf2
                0x00005ed4                __eqdf2
 .text          0x00005f48       0xc8 c:/program files (x86)/atmel/studio/7.0/toolchain/arm/arm-gnu-toolchain/bin/../lib/gcc/arm-none-eabi/6.3.1/thumb/v6-m\libgcc.a(gedf2.o)
                0x00005f48                __gedf2
                0x00005f48                __gtdf2
 .text          0x00006010       0xc4 c:/program files (x86)/atmel/studio/7.0/toolchain/arm/arm-gnu-toolchain/bin/../lib/gcc/arm-none-eabi/6.3.1/thumb/v6-m\libgcc.a(ledf2.o)
                0x00006010                __ledf2
                0x00006010                __ltdf2
 .text.__errno  0x000060d4        0xc c:/program files (x86)/atmel/studio/7.0/toolchain/arm/arm-gnu-toolchain/bin/../lib/gcc/arm-none-eabi/6.3.1/../../../../arm-none-eabi/lib/thumb/v6-m\libc.a(lib_a-errno.o)
                0x000060d4                __errno
 .text.__libc_init_array
                0x000060e0       0x48 c:/program files (x86)/atmel/studio/7.0/toolchain/arm/arm-gnu-toolchain/bin/../lib/gcc/arm-none-eabi/6.3.1/../../../../arm-none-eabi/lib/thumb/v6-m\libc.a(lib_a-init.o)
                0x000060e0                __libc_init_array
 .text.strlen   0x00006128       0x64 c:/program files (x86)/atmel/studio/7.0/toolchain/arm/arm-gnu-toolchain/bin/../lib/gcc/arm-none-eabi/6.3.1/../../../../arm-none-eabi/lib/thumb/v6-m\libc.a(lib_a-strlen-stub.o)
                0x00006128                strlen
 .text.startup.register_fini
                0x0000618c       0x18 c:/program files (x86)/atmel/studio/7.0/toolchain/arm/arm-gnu-toolchain/bin/../lib/gcc/arm-none-eabi/6.3.1/../../../../arm-none-eabi/lib/thumb/v6-m\libc.a(lib_a-__call_atexit.o)
 .text.atexit   0x000061a4       0x10 c:/program files (x86)/atmel/studio/7.0/toolchain/arm/arm-gnu-toolchain/bin/../lib/gcc/arm-none-eabi/6.3.1/../../../../arm-none-eabi/lib/thumb/v6-m\libc.a(lib_a-atexit.o)
                0x000061a4                atexit
 .text.__libc_fini_array
                0x000061b4       0x34 c:/program files (x86)/atmel/studio/7.0/toolchain/arm/arm-gnu-toolchain/bin/../lib/gcc/arm-none-eabi/6.3.1/../../../../arm-none-eabi/lib/thumb/v6-m\libc.a(lib_a-fini.o)
                0x000061b4                __libc_fini_array
 .text.__retarget_lock_acquire_recursive
                0x000061e8        0x4 c:/program files (x86)/atmel/studio/7.0/toolchain/arm/arm-gnu-toolchain/bin/../lib/gcc/arm-none-eabi/6.3.1/../../../../arm-none-eabi/lib/thumb/v6-m\libc.a(lib_a-lock.o)
                0x000061e8                __retarget_lock_acquire_recursive
 .text.__retarget_lock_release_recursive
                0x000061ec        0x4 c:/program files (x86)/atmel/studio/7.0/toolchain/arm/arm-gnu-toolchain/bin/../lib/gcc/arm-none-eabi/6.3.1/../../../../arm-none-eabi/lib/thumb/v6-m\libc.a(lib_a-lock.o)
                0x000061ec                __retarget_lock_release_recursive
 .text.__register_exitproc
                0x000061f0       0xf4 c:/program files (x86)/atmel/studio/7.0/toolchain/arm/arm-gnu-toolchain/bin/../lib/gcc/arm-none-eabi/6.3.1/../../../../arm-none-eabi/lib/thumb/v6-m\libc.a(lib_a-__atexit.o)
                0x000061f0                __register_exitproc
 *(.glue_7t)
 .glue_7t       0x000062e4        0x0 linker stubs
 *(.glue_7)
 .glue_7        0x000062e4        0x0 linker stubs
 *(.rodata .rodata* .gnu.linkonce.r.*)
 .rodata        0x000062e4       0x64 hand.o
 .rodata        0x00006348       0x18 kx003.o
 .rodata        0x00006360       0x6a main.o
 *fill*         0x000063ca        0x2 
 .rodata        0x000063cc       0x40 servos.o
 .rodata.acosf.str1.4
                0x0000640c        0x9 c:/program files (x86)/atmel/studio/7.0/toolchain/arm/arm-gnu-toolchain/bin/../lib/gcc/arm-none-eabi/6.3.1/../../../../arm-none-eabi/lib/thumb/v6-m\libm.a(lib_a-wf_acos.o)
 *fill*         0x00006415        0x3 
 .rodata.sqrtf.str1.4
                0x00006418        0x8 c:/program files (x86)/atmel/studio/7.0/toolchain/arm/arm-gnu-toolchain/bin/../lib/gcc/arm-none-eabi/6.3.1/../../../../arm-none-eabi/lib/thumb/v6-m\libm.a(lib_a-wf_sqrt.o)
                                  0x6 (size before relaxing)
 .rodata        0x00006420       0x80 c:/program files (x86)/atmel/studio/7.0/toolchain/arm/arm-gnu-toolchain/bin/../lib/gcc/arm-none-eabi/6.3.1/thumb/v6-m\libgcc.a(divsf3.o)
 .rodata        0x000064a0       0x40 c:/program files (x86)/atmel/studio/7.0/toolchain/arm/arm-gnu-toolchain/bin/../lib/gcc/arm-none-eabi/6.3.1/thumb/v6-m\libgcc.a(mulsf3.o)
 .rodata        0x000064e0       0x40 c:/program files (x86)/atmel/studio/7.0/toolchain/arm/arm-gnu-toolchain/bin/../lib/gcc/arm-none-eabi/6.3.1/thumb/v6-m\libgcc.a(divdf3.o)
 .rodata._global_impure_ptr
                0x00006520        0x4 c:/program files (x86)/atmel/studio/7.0/toolchain/arm/arm-gnu-toolchain/bin/../lib/gcc/arm-none-eabi/6.3.1/../../../../arm-none-eabi/lib/thumb/v6-m\libc.a(lib_a-impure.o)
                0x00006520                _global_impure_ptr
 *(.ARM.extab* .gnu.linkonce.armextab.*)
                0x00006524                . = ALIGN (0x4)
 *(.init)
 .init          0x00006524        0x4 c:/program files (x86)/atmel/studio/7.0/toolchain/arm/arm-gnu-toolchain/bin/../lib/gcc/arm-none-eabi/6.3.1/thumb/v6-m/crti.o
                0x00006524                _init
 .init          0x00006528        0x8 c:/program files (x86)/atmel/studio/7.0/toolchain/arm/arm-gnu-toolchain/bin/../lib/gcc/arm-none-eabi/6.3.1/thumb/v6-m/crtn.o
                0x00006530                . = ALIGN (0x4)
                0x00006530                __preinit_array_start = .
 *(.preinit_array)
                0x00006530                __preinit_array_end = .
                0x00006530                . = ALIGN (0x4)
                0x00006530                __init_array_start = .
 *(SORT(.init_array.*))
 .init_array.00000
                0x00006530        0x4 c:/program files (x86)/atmel/studio/7.0/toolchain/arm/arm-gnu-toolchain/bin/../lib/gcc/arm-none-eabi/6.3.1/../../../../arm-none-eabi/lib/thumb/v6-m\libc.a(lib_a-__call_atexit.o)
 *(.init_array)
 .init_array    0x00006534        0x4 c:/program files (x86)/atmel/studio/7.0/toolchain/arm/arm-gnu-toolchain/bin/../lib/gcc/arm-none-eabi/6.3.1/thumb/v6-m/crtbegin.o
                0x00006538                __init_array_end = .
                0x00006538                . = ALIGN (0x4)
 *crtbegin.o(.ctors)
 *(EXCLUDE_FILE(*crtend.o) .ctors)
 *(SORT(.ctors.*))
 *crtend.o(.ctors)
                0x00006538                . = ALIGN (0x4)
 *(.fini)
 .fini          0x00006538        0x4 c:/program files (x86)/atmel/studio/7.0/toolchain/arm/arm-gnu-toolchain/bin/../lib/gcc/arm-none-eabi/6.3.1/thumb/v6-m/crti.o
                0x00006538                _fini
 .fini          0x0000653c        0x8 c:/program files (x86)/atmel/studio/7.0/toolchain/arm/arm-gnu-toolchain/bin/../lib/gcc/arm-none-eabi/6.3.1/thumb/v6-m/crtn.o
                0x00006544                . = ALIGN (0x4)
                0x00006544                __fini_array_start = .
 *(.fini_array)
 .fini_array    0x00006544        0x4 c:/program files (x86)/atmel/studio/7.0/toolchain/arm/arm-gnu-toolchain/bin/../lib/gcc/arm-none-eabi/6.3.1/thumb/v6-m/crtbegin.o
 *(SORT(.fini_array.*))
                0x00006548                __fini_array_end = .
 *crtbegin.o(.dtors)
 *(EXCLUDE_FILE(*crtend.o) .dtors)
 *(SORT(.dtors.*))
 *crtend.o(.dtors)
                0x00006548                . = ALIGN (0x4)
                0x00006548                _efixed = .
                [!provide]                PROVIDE (__exidx_start, .)

.vfp11_veneer   0x00006548        0x0
 .vfp11_veneer  0x00006548        0x0 linker stubs

.v4_bx          0x00006548        0x0
 .v4_bx         0x00006548        0x0 linker stubs

.iplt           0x00006548        0x0
 .iplt          0x00006548        0x0 c:/program files (x86)/atmel/studio/7.0/toolchain/arm/arm-gnu-toolchain/bin/../lib/gcc/arm-none-eabi/6.3.1/thumb/v6-m/crtbegin.o

.eh_frame       0x00006548        0x0
 .eh_frame      0x00006548        0x0 c:/program files (x86)/atmel/studio/7.0/toolchain/arm/arm-gnu-toolchain/bin/../lib/gcc/arm-none-eabi/6.3.1/thumb/v6-m/crtbegin.o

.rel.dyn        0x00006548        0x0
 .rel.iplt      0x00006548        0x0 c:/program files (x86)/atmel/studio/7.0/toolchain/arm/arm-gnu-toolchain/bin/../lib/gcc/arm-none-eabi/6.3.1/thumb/v6-m/crtbegin.o

.jcr            0x00006548        0x0
 .jcr           0x00006548        0x0 c:/program files (x86)/atmel/studio/7.0/toolchain/arm/arm-gnu-toolchain/bin/../lib/gcc/arm-none-eabi/6.3.1/thumb/v6-m/crtbegin.o

.igot.plt       0x00006548        0x0
 .igot.plt      0x00006548        0x0 c:/program files (x86)/atmel/studio/7.0/toolchain/arm/arm-gnu-toolchain/bin/../lib/gcc/arm-none-eabi/6.3.1/thumb/v6-m/crtbegin.o

.ARM.exidx
 *(.ARM.exidx* .gnu.linkonce.armexidx.*)
                [!provide]                PROVIDE (__exidx_end, .)
                0x00006548                . = ALIGN (0x4)
                0x00006548                _etext = .

.relocate       0x20000000      0x43c load address 0x00006548
                0x20000000                . = ALIGN (0x4)
                0x20000000                _srelocate = .
 *(.ramfunc .ramfunc.*)
 *(.data .data.*)
 .data          0x20000000        0x4 Device_Startup/system_samd21.o
                0x20000000                SystemCoreClock
 .data          0x20000004        0x3 emg.o
                0x20000004                _emg_channel_pins
 .data          0x20000007        0x1 main.o
                0x20000007                machine_mode
 .data.__fdlib_version
                0x20000008        0x1 c:/program files (x86)/atmel/studio/7.0/toolchain/arm/arm-gnu-toolchain/bin/../lib/gcc/arm-none-eabi/6.3.1/../../../../arm-none-eabi/lib/thumb/v6-m\libm.a(lib_a-s_lib_ver.o)
                0x20000008                __fdlib_version
 *fill*         0x20000009        0x3 
 .data._impure_ptr
                0x2000000c        0x4 c:/program files (x86)/atmel/studio/7.0/toolchain/arm/arm-gnu-toolchain/bin/../lib/gcc/arm-none-eabi/6.3.1/../../../../arm-none-eabi/lib/thumb/v6-m\libc.a(lib_a-impure.o)
                0x2000000c                _impure_ptr
 .data.impure_data
                0x20000010      0x428 c:/program files (x86)/atmel/studio/7.0/toolchain/arm/arm-gnu-toolchain/bin/../lib/gcc/arm-none-eabi/6.3.1/../../../../arm-none-eabi/lib/thumb/v6-m\libc.a(lib_a-impure.o)
 .data.__atexit_recursive_mutex
                0x20000438        0x4 c:/program files (x86)/atmel/studio/7.0/toolchain/arm/arm-gnu-toolchain/bin/../lib/gcc/arm-none-eabi/6.3.1/../../../../arm-none-eabi/lib/thumb/v6-m\libc.a(lib_a-__call_atexit.o)
                0x20000438                __atexit_recursive_mutex
                0x2000043c                . = ALIGN (0x4)
                0x2000043c                _erelocate = .

.bss            0x20000440      0x47c load address 0x00006988
                0x20000440                . = ALIGN (0x4)
                0x20000440                _sbss = .
                0x20000440                _szero = .
 *(.bss .bss.*)
 .bss           0x20000440       0x1c c:/program files (x86)/atmel/studio/7.0/toolchain/arm/arm-gnu-toolchain/bin/../lib/gcc/arm-none-eabi/6.3.1/thumb/v6-m/crtbegin.o
 .bss           0x2000045c        0x5 main.o
                0x2000045c                mode_change_flag
                0x2000045d                tx_emg_flag
                0x2000045e                tx_hand_flag
                0x2000045f                tx_comp_flag
                0x20000460                tx_text_flag
 *fill*         0x20000461        0x3 
 .bss           0x20000464       0x10 serial.o
                0x20000464                _serial_callback
                0x2000046c                _serial_default
 *(COMMON)
 COMMON         0x20000474        0xc adc.o
                0x20000474                _adc_callback
                0x20000478                _adc_read_state
                0x2000047c                _adc_default
 COMMON         0x20000480      0x354 compute.o
                0x20000480                _comp_intern_sample_row
                0x20000484                _comp_data
                0x20000784                _comp_state
                0x20000785                _comp_idx
                0x20000788                _comp_output
                0x2000078c                _comp_intern_sample_idx
                0x2000078d                _comp_mode
                0x20000790                _comp_models
                0x200007cc                _comp_serial
 COMMON         0x200007d4        0xb emg.o
                0x200007d4                _emg_data
                0x200007d8                _emg_idx
                0x200007dc                _emg_channel_active
 *fill*         0x200007df        0x1 
 COMMON         0x200007e0        0xb hand.o
                0x200007e0                _hand_joint
                0x200007e4                _hand_output
                0x200007e8                _hand_mode
                0x200007e9                _hand_i2c_stat
                0x200007ea                _hand_idx
 *fill*         0x200007eb        0x1 
 COMMON         0x200007ec       0x1c i2c.o
                0x200007ec                I2C_callback
                0x200007f4                _i2c_rx_buff
                0x200007f5                _i2c_active
                0x200007f6                _i2c_addr
                0x200007f7                _i2c_mode
                0x200007f8                _i2c_flag
                0x200007fc                _i2c_default
                0x20000800                _i2c_init
                0x20000801                _reading
                0x20000804                _i2c_callback
 COMMON         0x20000808        0x2 i2c_mux.o
                0x20000808                _i2c_mux_data
                0x20000809                _i2c_mux_state
 *fill*         0x2000080a        0x2 
 COMMON         0x2000080c        0xa kx003.o
                0x2000080c                _kx003_reg
                0x2000080d                _kx003_idx
                0x2000080e                _kx003_bytes
                0x20000810                _kx003_dest
                0x20000814                _kx003_mode
                0x20000815                _kx003_addr
 *fill*         0x20000816        0x2 
 COMMON         0x20000818       0x5c main.o
                0x20000818                machine_counters
                0x20000840                tx_flag
                0x20000844                tx_length
                0x20000848                machine_delays
                0x20000870                tx_data
 COMMON         0x20000874        0x1 serial.o
                0x20000874                _serial_active
 *fill*         0x20000875        0x3 
 COMMON         0x20000878       0x16 servos.o
                0x20000878                _servos_idx
                0x2000087c                _servos_comp_data
                0x20000880                _servos_comp_idx
                0x20000881                _servos_data
                0x20000884                _servos_list
                0x20000888                _servos_comp_output
                0x2000088c                _servos_reg
                0x2000088d                _servos_mode
 *fill*         0x2000088e        0x2 
 COMMON         0x20000890        0x8 timer.o
                0x20000890                millis
 COMMON         0x20000898       0x21 c:/program files (x86)/atmel/studio/7.0/toolchain/arm/arm-gnu-toolchain/bin/../lib/gcc/arm-none-eabi/6.3.1/../../../../arm-none-eabi/lib/thumb/v6-m\libc.a(lib_a-lock.o)
                0x20000898                __lock___atexit_recursive_mutex
                0x2000089c                __lock___arc4random_mutex
                0x200008a0                __lock___env_recursive_mutex
                0x200008a4                __lock___sinit_recursive_mutex
                0x200008a8                __lock___malloc_recursive_mutex
                0x200008ac                __lock___at_quick_exit_mutex
                0x200008b0                __lock___dd_hash_mutex
                0x200008b4                __lock___tz_mutex
                0x200008b8                __lock___sfp_recursive_mutex
                0x200008bc                . = ALIGN (0x4)
 *fill*         0x200008b9        0x3 
                0x200008bc                _ebss = .
                0x200008bc                _ezero = .

.stack          0x200008bc     0x2004 load address 0x00006e04
                0x200008c0                . = ALIGN (0x8)
 *fill*         0x200008bc        0x4 
                0x200008c0                _sstack = .
                0x200028c0                . = (. + STACK_SIZE)
 *fill*         0x200008c0     0x2000 
                0x200028c0                . = ALIGN (0x8)
                0x200028c0                _estack = .
                0x200028c0                . = ALIGN (0x4)
                0x200028c0                _end = .
OUTPUT(ArduinoCode.elf elf32-littlearm)

.ARM.attributes
                0x00000000       0x28
 .ARM.attributes
                0x00000000       0x1e c:/program files (x86)/atmel/studio/7.0/toolchain/arm/arm-gnu-toolchain/bin/../lib/gcc/arm-none-eabi/6.3.1/thumb/v6-m/crti.o
 .ARM.attributes
                0x0000001e       0x2c c:/program files (x86)/atmel/studio/7.0/toolchain/arm/arm-gnu-toolchain/bin/../lib/gcc/arm-none-eabi/6.3.1/thumb/v6-m/crtbegin.o
 .ARM.attributes
                0x0000004a       0x32 adc.o
 .ARM.attributes
                0x0000007c       0x32 compute.o
 .ARM.attributes
                0x000000ae       0x32 Device_Startup/startup_samd21.o
 .ARM.attributes
                0x000000e0       0x32 Device_Startup/system_samd21.o
 .ARM.attributes
                0x00000112       0x32 emg.o
 .ARM.attributes
                0x00000144       0x32 hand.o
 .ARM.attributes
                0x00000176       0x32 i2c.o
 .ARM.attributes
                0x000001a8       0x32 i2c_mux.o
 .ARM.attributes
                0x000001da       0x32 kx003.o
 .ARM.attributes
                0x0000020c       0x32 main.o
 .ARM.attributes
                0x0000023e       0x32 serial.o
 .ARM.attributes
                0x00000270       0x32 servos.o
 .ARM.attributes
                0x000002a2       0x32 timer.o
 .ARM.attributes
                0x000002d4       0x2c c:/program files (x86)/atmel/studio/7.0/toolchain/arm/arm-gnu-toolchain/bin/../lib/gcc/arm-none-eabi/6.3.1/../../../../arm-none-eabi/lib/thumb/v6-m\libm.a(lib_a-wf_acos.o)
 .ARM.attributes
                0x00000300       0x2c c:/program files (x86)/atmel/studio/7.0/toolchain/arm/arm-gnu-toolchain/bin/../lib/gcc/arm-none-eabi/6.3.1/../../../../arm-none-eabi/lib/thumb/v6-m\libm.a(lib_a-wf_sqrt.o)
 .ARM.attributes
                0x0000032c       0x2c c:/program files (x86)/atmel/studio/7.0/toolchain/arm/arm-gnu-toolchain/bin/../lib/gcc/arm-none-eabi/6.3.1/../../../../arm-none-eabi/lib/thumb/v6-m\libm.a(lib_a-ef_acos.o)
 .ARM.attributes
                0x00000358       0x2c c:/program files (x86)/atmel/studio/7.0/toolchain/arm/arm-gnu-toolchain/bin/../lib/gcc/arm-none-eabi/6.3.1/../../../../arm-none-eabi/lib/thumb/v6-m\libm.a(lib_a-ef_sqrt.o)
 .ARM.attributes
                0x00000384       0x2c c:/program files (x86)/atmel/studio/7.0/toolchain/arm/arm-gnu-toolchain/bin/../lib/gcc/arm-none-eabi/6.3.1/../../../../arm-none-eabi/lib/thumb/v6-m\libm.a(lib_a-s_lib_ver.o)
 .ARM.attributes
                0x000003b0       0x2c c:/program files (x86)/atmel/studio/7.0/toolchain/arm/arm-gnu-toolchain/bin/../lib/gcc/arm-none-eabi/6.3.1/../../../../arm-none-eabi/lib/thumb/v6-m\libm.a(lib_a-s_matherr.o)
 .ARM.attributes
                0x000003dc       0x2c c:/program files (x86)/atmel/studio/7.0/toolchain/arm/arm-gnu-toolchain/bin/../lib/gcc/arm-none-eabi/6.3.1/../../../../arm-none-eabi/lib/thumb/v6-m\libm.a(lib_a-s_nan.o)
 .ARM.attributes
                0x00000408       0x2c c:/program files (x86)/atmel/studio/7.0/toolchain/arm/arm-gnu-toolchain/bin/../lib/gcc/arm-none-eabi/6.3.1/../../../../arm-none-eabi/lib/thumb/v6-m\libm.a(lib_a-sf_fabs.o)
 .ARM.attributes
                0x00000434       0x1e c:/program files (x86)/atmel/studio/7.0/toolchain/arm/arm-gnu-toolchain/bin/../lib/gcc/arm-none-eabi/6.3.1/thumb/v6-m\libgcc.a(_udivsi3.o)
 .ARM.attributes
                0x00000452       0x1e c:/program files (x86)/atmel/studio/7.0/toolchain/arm/arm-gnu-toolchain/bin/../lib/gcc/arm-none-eabi/6.3.1/thumb/v6-m\libgcc.a(_dvmd_tls.o)
 .ARM.attributes
                0x00000470       0x1e c:/program files (x86)/atmel/studio/7.0/toolchain/arm/arm-gnu-toolchain/bin/../lib/gcc/arm-none-eabi/6.3.1/thumb/v6-m\libgcc.a(_arm_cmpsf2.o)
 .ARM.attributes
                0x0000048e       0x2c c:/program files (x86)/atmel/studio/7.0/toolchain/arm/arm-gnu-toolchain/bin/../lib/gcc/arm-none-eabi/6.3.1/thumb/v6-m\libgcc.a(_fixunsdfsi.o)
 .ARM.attributes
                0x000004ba       0x2c c:/program files (x86)/atmel/studio/7.0/toolchain/arm/arm-gnu-toolchain/bin/../lib/gcc/arm-none-eabi/6.3.1/thumb/v6-m\libgcc.a(addsf3.o)
 .ARM.attributes
                0x000004e6       0x2c c:/program files (x86)/atmel/studio/7.0/toolchain/arm/arm-gnu-toolchain/bin/../lib/gcc/arm-none-eabi/6.3.1/thumb/v6-m\libgcc.a(divsf3.o)
 .ARM.attributes
                0x00000512       0x2c c:/program files (x86)/atmel/studio/7.0/toolchain/arm/arm-gnu-toolchain/bin/../lib/gcc/arm-none-eabi/6.3.1/thumb/v6-m\libgcc.a(eqsf2.o)
 .ARM.attributes
                0x0000053e       0x2c c:/program files (x86)/atmel/studio/7.0/toolchain/arm/arm-gnu-toolchain/bin/../lib/gcc/arm-none-eabi/6.3.1/thumb/v6-m\libgcc.a(gesf2.o)
 .ARM.attributes
                0x0000056a       0x2c c:/program files (x86)/atmel/studio/7.0/toolchain/arm/arm-gnu-toolchain/bin/../lib/gcc/arm-none-eabi/6.3.1/thumb/v6-m\libgcc.a(lesf2.o)
 .ARM.attributes
                0x00000596       0x2c c:/program files (x86)/atmel/studio/7.0/toolchain/arm/arm-gnu-toolchain/bin/../lib/gcc/arm-none-eabi/6.3.1/thumb/v6-m\libgcc.a(mulsf3.o)
 .ARM.attributes
                0x000005c2       0x2c c:/program files (x86)/atmel/studio/7.0/toolchain/arm/arm-gnu-toolchain/bin/../lib/gcc/arm-none-eabi/6.3.1/thumb/v6-m\libgcc.a(subsf3.o)
 .ARM.attributes
                0x000005ee       0x2c c:/program files (x86)/atmel/studio/7.0/toolchain/arm/arm-gnu-toolchain/bin/../lib/gcc/arm-none-eabi/6.3.1/thumb/v6-m\libgcc.a(unordsf2.o)
 .ARM.attributes
                0x0000061a       0x2c c:/program files (x86)/atmel/studio/7.0/toolchain/arm/arm-gnu-toolchain/bin/../lib/gcc/arm-none-eabi/6.3.1/thumb/v6-m\libgcc.a(floatsisf.o)
 .ARM.attributes
                0x00000646       0x2c c:/program files (x86)/atmel/studio/7.0/toolchain/arm/arm-gnu-toolchain/bin/../lib/gcc/arm-none-eabi/6.3.1/thumb/v6-m\libgcc.a(divdf3.o)
 .ARM.attributes
                0x00000672       0x2c c:/program files (x86)/atmel/studio/7.0/toolchain/arm/arm-gnu-toolchain/bin/../lib/gcc/arm-none-eabi/6.3.1/thumb/v6-m\libgcc.a(subdf3.o)
 .ARM.attributes
                0x0000069e       0x2c c:/program files (x86)/atmel/studio/7.0/toolchain/arm/arm-gnu-toolchain/bin/../lib/gcc/arm-none-eabi/6.3.1/thumb/v6-m\libgcc.a(fixdfsi.o)
 .ARM.attributes
                0x000006ca       0x2c c:/program files (x86)/atmel/studio/7.0/toolchain/arm/arm-gnu-toolchain/bin/../lib/gcc/arm-none-eabi/6.3.1/thumb/v6-m\libgcc.a(floatunsidf.o)
 .ARM.attributes
                0x000006f6       0x2c c:/program files (x86)/atmel/studio/7.0/toolchain/arm/arm-gnu-toolchain/bin/../lib/gcc/arm-none-eabi/6.3.1/thumb/v6-m\libgcc.a(extendsfdf2.o)
 .ARM.attributes
                0x00000722       0x2c c:/program files (x86)/atmel/studio/7.0/toolchain/arm/arm-gnu-toolchain/bin/../lib/gcc/arm-none-eabi/6.3.1/thumb/v6-m\libgcc.a(truncdfsf2.o)
 .ARM.attributes
                0x0000074e       0x1e c:/program files (x86)/atmel/studio/7.0/toolchain/arm/arm-gnu-toolchain/bin/../lib/gcc/arm-none-eabi/6.3.1/thumb/v6-m\libgcc.a(_arm_cmpdf2.o)
 .ARM.attributes
                0x0000076c       0x1e c:/program files (x86)/atmel/studio/7.0/toolchain/arm/arm-gnu-toolchain/bin/../lib/gcc/arm-none-eabi/6.3.1/thumb/v6-m\libgcc.a(_clzsi2.o)
 .ARM.attributes
                0x0000078a       0x2c c:/program files (x86)/atmel/studio/7.0/toolchain/arm/arm-gnu-toolchain/bin/../lib/gcc/arm-none-eabi/6.3.1/thumb/v6-m\libgcc.a(eqdf2.o)
 .ARM.attributes
                0x000007b6       0x2c c:/program files (x86)/atmel/studio/7.0/toolchain/arm/arm-gnu-toolchain/bin/../lib/gcc/arm-none-eabi/6.3.1/thumb/v6-m\libgcc.a(gedf2.o)
 .ARM.attributes
                0x000007e2       0x2c c:/program files (x86)/atmel/studio/7.0/toolchain/arm/arm-gnu-toolchain/bin/../lib/gcc/arm-none-eabi/6.3.1/thumb/v6-m\libgcc.a(ledf2.o)
 .ARM.attributes
                0x0000080e       0x2c c:/program files (x86)/atmel/studio/7.0/toolchain/arm/arm-gnu-toolchain/bin/../lib/gcc/arm-none-eabi/6.3.1/../../../../arm-none-eabi/lib/thumb/v6-m\libc.a(lib_a-errno.o)
 .ARM.attributes
                0x0000083a       0x2c c:/program files (x86)/atmel/studio/7.0/toolchain/arm/arm-gnu-toolchain/bin/../lib/gcc/arm-none-eabi/6.3.1/../../../../arm-none-eabi/lib/thumb/v6-m\libc.a(lib_a-impure.o)
 .ARM.attributes
                0x00000866       0x2c c:/program files (x86)/atmel/studio/7.0/toolchain/arm/arm-gnu-toolchain/bin/../lib/gcc/arm-none-eabi/6.3.1/../../../../arm-none-eabi/lib/thumb/v6-m\libc.a(lib_a-init.o)
 .ARM.attributes
                0x00000892       0x2c c:/program files (x86)/atmel/studio/7.0/toolchain/arm/arm-gnu-toolchain/bin/../lib/gcc/arm-none-eabi/6.3.1/../../../../arm-none-eabi/lib/thumb/v6-m\libc.a(lib_a-strlen-stub.o)
 .ARM.attributes
                0x000008be       0x2c c:/program files (x86)/atmel/studio/7.0/toolchain/arm/arm-gnu-toolchain/bin/../lib/gcc/arm-none-eabi/6.3.1/../../../../arm-none-eabi/lib/thumb/v6-m\libc.a(lib_a-__call_atexit.o)
 .ARM.attributes
                0x000008ea       0x2c c:/program files (x86)/atmel/studio/7.0/toolchain/arm/arm-gnu-toolchain/bin/../lib/gcc/arm-none-eabi/6.3.1/../../../../arm-none-eabi/lib/thumb/v6-m\libc.a(lib_a-atexit.o)
 .ARM.attributes
                0x00000916       0x2c c:/program files (x86)/atmel/studio/7.0/toolchain/arm/arm-gnu-toolchain/bin/../lib/gcc/arm-none-eabi/6.3.1/../../../../arm-none-eabi/lib/thumb/v6-m\libc.a(lib_a-fini.o)
 .ARM.attributes
                0x00000942       0x2c c:/program files (x86)/atmel/studio/7.0/toolchain/arm/arm-gnu-toolchain/bin/../lib/gcc/arm-none-eabi/6.3.1/../../../../arm-none-eabi/lib/thumb/v6-m\libc.a(lib_a-lock.o)
 .ARM.attributes
                0x0000096e       0x2c c:/program files (x86)/atmel/studio/7.0/toolchain/arm/arm-gnu-toolchain/bin/../lib/gcc/arm-none-eabi/6.3.1/../../../../arm-none-eabi/lib/thumb/v6-m\libc.a(lib_a-__atexit.o)
 .ARM.attributes
                0x0000099a       0x1e c:/program files (x86)/atmel/studio/7.0/toolchain/arm/arm-gnu-toolchain/bin/../lib/gcc/arm-none-eabi/6.3.1/thumb/v6-m/crtn.o

.comment        0x00000000       0x59
 .comment       0x00000000       0x59 adc.o
                                 0x5a (size before relaxing)
 .comment       0x00000059       0x5a compute.o
 .comment       0x00000059       0x5a Device_Startup/startup_samd21.o
 .comment       0x00000059       0x5a Device_Startup/system_samd21.o
 .comment       0x00000059       0x5a emg.o
 .comment       0x00000059       0x5a hand.o
 .comment       0x00000059       0x5a i2c.o
 .comment       0x00000059       0x5a i2c_mux.o
 .comment       0x00000059       0x5a kx003.o
 .comment       0x00000059       0x5a main.o
 .comment       0x00000059       0x5a serial.o
 .comment       0x00000059       0x5a servos.o
 .comment       0x00000059       0x5a timer.o

.debug_info     0x00000000     0xfb0e
 .debug_info    0x00000000     0x1a75 adc.o
 .debug_info    0x00001a75      0x722 compute.o
 .debug_info    0x00002197     0x3a2b Device_Startup/startup_samd21.o
 .debug_info    0x00005bc2     0x2b02 Device_Startup/system_samd21.o
 .debug_info    0x000086c4      0x8e5 emg.o
 .debug_info    0x00008fa9      0x579 hand.o
 .debug_info    0x00009522      0x564 i2c.o
 .debug_info    0x00009a86      0x22e i2c_mux.o
 .debug_info    0x00009cb4      0x46b kx003.o
 .debug_info    0x0000a11f      0xdd1 main.o
 .debug_info    0x0000aef0     0x3684 serial.o
 .debug_info    0x0000e574     0x10ed servos.o
 .debug_info    0x0000f661      0x4ad timer.o

.debug_abbrev   0x00000000     0x19d9
 .debug_abbrev  0x00000000      0x271 adc.o
 .debug_abbrev  0x00000271      0x1e3 compute.o
 .debug_abbrev  0x00000454      0x227 Device_Startup/startup_samd21.o
 .debug_abbrev  0x0000067b      0x184 Device_Startup/system_samd21.o
 .debug_abbrev  0x000007ff      0x1ff emg.o
 .debug_abbrev  0x000009fe      0x19a hand.o
 .debug_abbrev  0x00000b98      0x1e8 i2c.o
 .debug_abbrev  0x00000d80      0x101 i2c_mux.o
 .debug_abbrev  0x00000e81      0x14c kx003.o
 .debug_abbrev  0x00000fcd      0x218 main.o
 .debug_abbrev  0x000011e5      0x332 serial.o
 .debug_abbrev  0x00001517      0x312 servos.o
 .debug_abbrev  0x00001829      0x1b0 timer.o

.debug_loc      0x00000000     0x1962
 .debug_loc     0x00000000      0x20c adc.o
 .debug_loc     0x0000020c      0x524 compute.o
 .debug_loc     0x00000730       0x64 Device_Startup/startup_samd21.o
 .debug_loc     0x00000794       0x64 Device_Startup/system_samd21.o
 .debug_loc     0x000007f8      0x100 emg.o
 .debug_loc     0x000008f8      0x150 hand.o
 .debug_loc     0x00000a48      0x378 i2c.o
 .debug_loc     0x00000dc0       0xd4 i2c_mux.o
 .debug_loc     0x00000e94      0x17c kx003.o
 .debug_loc     0x00001010       0xd6 main.o
 .debug_loc     0x000010e6      0x4f4 serial.o
 .debug_loc     0x000015da      0x25c servos.o
 .debug_loc     0x00001836      0x12c timer.o

.debug_aranges  0x00000000      0x520
 .debug_aranges
                0x00000000       0x68 adc.o
 .debug_aranges
                0x00000068       0xe0 compute.o
 .debug_aranges
                0x00000148       0x28 Device_Startup/startup_samd21.o
 .debug_aranges
                0x00000170       0x28 Device_Startup/system_samd21.o
 .debug_aranges
                0x00000198       0x40 emg.o
 .debug_aranges
                0x000001d8       0x48 hand.o
 .debug_aranges
                0x00000220       0xa8 i2c.o
 .debug_aranges
                0x000002c8       0x38 i2c_mux.o
 .debug_aranges
                0x00000300       0x50 kx003.o
 .debug_aranges
                0x00000350       0x38 main.o
 .debug_aranges
                0x00000388       0xe0 serial.o
 .debug_aranges
                0x00000468       0x70 servos.o
 .debug_aranges
                0x000004d8       0x48 timer.o

.debug_ranges   0x00000000      0x468
 .debug_ranges  0x00000000       0x58 adc.o
 .debug_ranges  0x00000058       0xd0 compute.o
 .debug_ranges  0x00000128       0x18 Device_Startup/startup_samd21.o
 .debug_ranges  0x00000140       0x18 Device_Startup/system_samd21.o
 .debug_ranges  0x00000158       0x30 emg.o
 .debug_ranges  0x00000188       0x38 hand.o
 .debug_ranges  0x000001c0       0x98 i2c.o
 .debug_ranges  0x00000258       0x28 i2c_mux.o
 .debug_ranges  0x00000280       0x58 kx003.o
 .debug_ranges  0x000002d8       0x28 main.o
 .debug_ranges  0x00000300       0xd0 serial.o
 .debug_ranges  0x000003d0       0x60 servos.o
 .debug_ranges  0x00000430       0x38 timer.o

.debug_macro    0x00000000    0x13e34
 .debug_macro   0x00000000      0x308 adc.o
 .debug_macro   0x00000308      0x8a4 adc.o
 .debug_macro   0x00000bac      0x16d adc.o
 .debug_macro   0x00000d19       0x22 adc.o
 .debug_macro   0x00000d3b       0x87 adc.o
 .debug_macro   0x00000dc2       0x51 adc.o
 .debug_macro   0x00000e13       0xef adc.o
 .debug_macro   0x00000f02       0x6a adc.o
 .debug_macro   0x00000f6c      0x1df adc.o
 .debug_macro   0x0000114b       0x3f adc.o
 .debug_macro   0x0000118a       0x3a adc.o
 .debug_macro   0x000011c4       0x1f adc.o
 .debug_macro   0x000011e3      0x250 adc.o
 .debug_macro   0x00001433      0x67e adc.o
 .debug_macro   0x00001ab1      0x8b1 adc.o
 .debug_macro   0x00002362      0x22e adc.o
 .debug_macro   0x00002590      0xd5c adc.o
 .debug_macro   0x000032ec      0x4dc adc.o
 .debug_macro   0x000037c8      0x9f6 adc.o
 .debug_macro   0x000041be      0x82b adc.o
 .debug_macro   0x000049e9      0x45f adc.o
 .debug_macro   0x00004e48       0x5e adc.o
 .debug_macro   0x00004ea6      0x8f9 adc.o
 .debug_macro   0x0000579f      0x21c adc.o
 .debug_macro   0x000059bb      0x735 adc.o
 .debug_macro   0x000060f0       0x5e adc.o
 .debug_macro   0x0000614e      0x632 adc.o
 .debug_macro   0x00006780      0x3ac adc.o
 .debug_macro   0x00006b2c      0xc76 adc.o
 .debug_macro   0x000077a2     0x1092 adc.o
 .debug_macro   0x00008834      0xc4a adc.o
 .debug_macro   0x0000947e      0x6ba adc.o
 .debug_macro   0x00009b38     0x1b3d adc.o
 .debug_macro   0x0000b675     0x143c adc.o
 .debug_macro   0x0000cab1      0x340 adc.o
 .debug_macro   0x0000cdf1       0x7c adc.o
 .debug_macro   0x0000ce6d       0xa0 adc.o
 .debug_macro   0x0000cf0d       0x4c adc.o
 .debug_macro   0x0000cf59       0xca adc.o
 .debug_macro   0x0000d023       0x94 adc.o
 .debug_macro   0x0000d0b7       0x58 adc.o
 .debug_macro   0x0000d10f      0x341 adc.o
 .debug_macro   0x0000d450       0x82 adc.o
 .debug_macro   0x0000d4d2      0x189 adc.o
 .debug_macro   0x0000d65b       0xb8 adc.o
 .debug_macro   0x0000d713       0xa0 adc.o
 .debug_macro   0x0000d7b3       0xb2 adc.o
 .debug_macro   0x0000d865       0x1c adc.o
 .debug_macro   0x0000d881       0x1c adc.o
 .debug_macro   0x0000d89d       0x1c adc.o
 .debug_macro   0x0000d8b9       0x7c adc.o
 .debug_macro   0x0000d935      0x15a adc.o
 .debug_macro   0x0000da8f       0x10 adc.o
 .debug_macro   0x0000da9f       0xdc adc.o
 .debug_macro   0x0000db7b      0x124 adc.o
 .debug_macro   0x0000dc9f      0x124 adc.o
 .debug_macro   0x0000ddc3      0x124 adc.o
 .debug_macro   0x0000dee7      0x124 adc.o
 .debug_macro   0x0000e00b      0x124 adc.o
 .debug_macro   0x0000e12f      0x124 adc.o
 .debug_macro   0x0000e253      0x124 adc.o
 .debug_macro   0x0000e377       0xe2 adc.o
 .debug_macro   0x0000e459       0xe2 adc.o
 .debug_macro   0x0000e53b       0xe2 adc.o
 .debug_macro   0x0000e61d      0x12a adc.o
 .debug_macro   0x0000e747      0x100 adc.o
 .debug_macro   0x0000e847       0xf4 adc.o
 .debug_macro   0x0000e93b      0x40f adc.o
 .debug_macro   0x0000ed4a       0x40 adc.o
 .debug_macro   0x0000ed8a      0x376 adc.o
 .debug_macro   0x0000f100     0x17df adc.o
 .debug_macro   0x000108df       0x6d adc.o
 .debug_macro   0x0001094c      0x374 compute.o
 .debug_macro   0x00010cc0       0x39 compute.o
 .debug_macro   0x00010cf9       0x94 compute.o
 .debug_macro   0x00010d8d       0x22 compute.o
 .debug_macro   0x00010daf       0x10 compute.o
 .debug_macro   0x00010dbf       0x1c compute.o
 .debug_macro   0x00010ddb      0x2ef Device_Startup/startup_samd21.o
 .debug_macro   0x000110ca      0x31f Device_Startup/system_samd21.o
 .debug_macro   0x000113e9      0x36b emg.o
 .debug_macro   0x00011754      0x3ed hand.o
 .debug_macro   0x00011b41       0x28 hand.o
 .debug_macro   0x00011b69       0x34 hand.o
 .debug_macro   0x00011b9d      0x368 i2c.o
 .debug_macro   0x00011f05      0x327 i2c_mux.o
 .debug_macro   0x0001222c      0x368 kx003.o
 .debug_macro   0x00012594      0x376 main.o
 .debug_macro   0x0001290a      0x331 serial.o
 .debug_macro   0x00012c3b      0x4fb servos.o
 .debug_macro   0x00013136       0x12 servos.o
 .debug_macro   0x00013148       0x12 servos.o
 .debug_macro   0x0001315a       0x58 servos.o
 .debug_macro   0x000131b2       0x35 servos.o
 .debug_macro   0x000131e7       0x9c servos.o
 .debug_macro   0x00013283       0x58 servos.o
 .debug_macro   0x000132db       0x1f servos.o
 .debug_macro   0x000132fa       0x43 servos.o
 .debug_macro   0x0001333d       0x20 servos.o
 .debug_macro   0x0001335d      0x187 servos.o
 .debug_macro   0x000134e4      0x353 servos.o
 .debug_macro   0x00013837       0x10 servos.o
 .debug_macro   0x00013847       0x35 servos.o
 .debug_macro   0x0001387c      0x1e1 servos.o
 .debug_macro   0x00013a5d       0xe4 servos.o
 .debug_macro   0x00013b41      0x2f3 timer.o

.debug_line     0x00000000     0x6834
 .debug_line    0x00000000      0x80f adc.o
 .debug_line    0x0000080f      0x8e7 compute.o
 .debug_line    0x000010f6      0x6eb Device_Startup/startup_samd21.o
 .debug_line    0x000017e1      0x766 Device_Startup/system_samd21.o
 .debug_line    0x00001f47      0x726 emg.o
 .debug_line    0x0000266d      0x7c2 hand.o
 .debug_line    0x00002e2f      0x836 i2c.o
 .debug_line    0x00003665      0x725 i2c_mux.o
 .debug_line    0x00003d8a      0x7c3 kx003.o
 .debug_line    0x0000454d      0x934 main.o
 .debug_line    0x00004e81      0x943 serial.o
 .debug_line    0x000057c4      0x946 servos.o
 .debug_line    0x0000610a      0x72a timer.o

.debug_str      0x00000000    0x7404e
 .debug_str     0x00000000    0x6cdf0 adc.o
                              0x6d1ef (size before relaxing)
 .debug_str     0x0006cdf0      0x58d compute.o
                              0x6ceb4 (size before relaxing)
 .debug_str     0x0006d37d     0x1020 Device_Startup/startup_samd21.o
                              0x6d791 (size before relaxing)
 .debug_str     0x0006e39d      0x4e7 Device_Startup/system_samd21.o
                              0x6d225 (size before relaxing)
 .debug_str     0x0006e884      0x312 emg.o
                              0x6ccde (size before relaxing)
 .debug_str     0x0006eb96      0x429 hand.o
                              0x6ceed (size before relaxing)
 .debug_str     0x0006efbf      0x304 i2c.o
                              0x6cce9 (size before relaxing)
 .debug_str     0x0006f2c3       0x71 i2c_mux.o
                              0x6ca2e (size before relaxing)
 .debug_str     0x0006f334      0x19d kx003.o
                              0x6cc31 (size before relaxing)
 .debug_str     0x0006f4d1      0x3f4 main.o
                              0x6d178 (size before relaxing)
 .debug_str     0x0006f8c5      0x7dd serial.o
                              0x6d93c (size before relaxing)
 .debug_str     0x000700a2     0x3f70 servos.o
                              0x70c95 (size before relaxing)
 .debug_str     0x00074012       0x3c timer.o
                              0x6c865 (size before relaxing)

.debug_frame    0x00000000     0x16dc
 .debug_frame   0x00000000      0x148 adc.o
 .debug_frame   0x00000148      0x318 compute.o
 .debug_frame   0x00000460       0x4c Device_Startup/startup_samd21.o
 .debug_frame   0x000004ac       0x4c Device_Startup/system_samd21.o
 .debug_frame   0x000004f8       0xa8 emg.o
 .debug_frame   0x000005a0       0xd0 hand.o
 .debug_frame   0x00000670      0x228 i2c.o
 .debug_frame   0x00000898       0x8c i2c_mux.o
 .debug_frame   0x00000924       0xec kx003.o
 .debug_frame   0x00000a10       0x90 main.o
 .debug_frame   0x00000aa0      0x308 serial.o
 .debug_frame   0x00000da8      0x16c servos.o
 .debug_frame   0x00000f14       0xd0 timer.o
 .debug_frame   0x00000fe4       0x30 c:/program files (x86)/atmel/studio/7.0/toolchain/arm/arm-gnu-toolchain/bin/../lib/gcc/arm-none-eabi/6.3.1/../../../../arm-none-eabi/lib/thumb/v6-m\libm.a(lib_a-wf_acos.o)
 .debug_frame   0x00001014       0x30 c:/program files (x86)/atmel/studio/7.0/toolchain/arm/arm-gnu-toolchain/bin/../lib/gcc/arm-none-eabi/6.3.1/../../../../arm-none-eabi/lib/thumb/v6-m\libm.a(lib_a-wf_sqrt.o)
 .debug_frame   0x00001044       0x30 c:/program files (x86)/atmel/studio/7.0/toolchain/arm/arm-gnu-toolchain/bin/../lib/gcc/arm-none-eabi/6.3.1/../../../../arm-none-eabi/lib/thumb/v6-m\libm.a(lib_a-ef_acos.o)
 .debug_frame   0x00001074       0x2c c:/program files (x86)/atmel/studio/7.0/toolchain/arm/arm-gnu-toolchain/bin/../lib/gcc/arm-none-eabi/6.3.1/../../../../arm-none-eabi/lib/thumb/v6-m\libm.a(lib_a-ef_sqrt.o)
 .debug_frame   0x000010a0       0x20 c:/program files (x86)/atmel/studio/7.0/toolchain/arm/arm-gnu-toolchain/bin/../lib/gcc/arm-none-eabi/6.3.1/../../../../arm-none-eabi/lib/thumb/v6-m\libm.a(lib_a-s_matherr.o)
 .debug_frame   0x000010c0       0x20 c:/program files (x86)/atmel/studio/7.0/toolchain/arm/arm-gnu-toolchain/bin/../lib/gcc/arm-none-eabi/6.3.1/../../../../arm-none-eabi/lib/thumb/v6-m\libm.a(lib_a-s_nan.o)
 .debug_frame   0x000010e0       0x20 c:/program files (x86)/atmel/studio/7.0/toolchain/arm/arm-gnu-toolchain/bin/../lib/gcc/arm-none-eabi/6.3.1/../../../../arm-none-eabi/lib/thumb/v6-m\libm.a(lib_a-sf_fabs.o)
 .debug_frame   0x00001100       0x20 c:/program files (x86)/atmel/studio/7.0/toolchain/arm/arm-gnu-toolchain/bin/../lib/gcc/arm-none-eabi/6.3.1/thumb/v6-m\libgcc.a(_udivsi3.o)
 .debug_frame   0x00001120       0x2c c:/program files (x86)/atmel/studio/7.0/toolchain/arm/arm-gnu-toolchain/bin/../lib/gcc/arm-none-eabi/6.3.1/thumb/v6-m\libgcc.a(_fixunsdfsi.o)
 .debug_frame   0x0000114c       0x34 c:/program files (x86)/atmel/studio/7.0/toolchain/arm/arm-gnu-toolchain/bin/../lib/gcc/arm-none-eabi/6.3.1/thumb/v6-m\libgcc.a(addsf3.o)
 .debug_frame   0x00001180       0x3c c:/program files (x86)/atmel/studio/7.0/toolchain/arm/arm-gnu-toolchain/bin/../lib/gcc/arm-none-eabi/6.3.1/thumb/v6-m\libgcc.a(divsf3.o)
 .debug_frame   0x000011bc       0x2c c:/program files (x86)/atmel/studio/7.0/toolchain/arm/arm-gnu-toolchain/bin/../lib/gcc/arm-none-eabi/6.3.1/thumb/v6-m\libgcc.a(eqsf2.o)
 .debug_frame   0x000011e8       0x30 c:/program files (x86)/atmel/studio/7.0/toolchain/arm/arm-gnu-toolchain/bin/../lib/gcc/arm-none-eabi/6.3.1/thumb/v6-m\libgcc.a(gesf2.o)
 .debug_frame   0x00001218       0x30 c:/program files (x86)/atmel/studio/7.0/toolchain/arm/arm-gnu-toolchain/bin/../lib/gcc/arm-none-eabi/6.3.1/thumb/v6-m\libgcc.a(lesf2.o)
 .debug_frame   0x00001248       0x3c c:/program files (x86)/atmel/studio/7.0/toolchain/arm/arm-gnu-toolchain/bin/../lib/gcc/arm-none-eabi/6.3.1/thumb/v6-m\libgcc.a(mulsf3.o)
 .debug_frame   0x00001284       0x38 c:/program files (x86)/atmel/studio/7.0/toolchain/arm/arm-gnu-toolchain/bin/../lib/gcc/arm-none-eabi/6.3.1/thumb/v6-m\libgcc.a(subsf3.o)
 .debug_frame   0x000012bc       0x20 c:/program files (x86)/atmel/studio/7.0/toolchain/arm/arm-gnu-toolchain/bin/../lib/gcc/arm-none-eabi/6.3.1/thumb/v6-m\libgcc.a(unordsf2.o)
 .debug_frame   0x000012dc       0x2c c:/program files (x86)/atmel/studio/7.0/toolchain/arm/arm-gnu-toolchain/bin/../lib/gcc/arm-none-eabi/6.3.1/thumb/v6-m\libgcc.a(floatsisf.o)
 .debug_frame   0x00001308       0x3c c:/program files (x86)/atmel/studio/7.0/toolchain/arm/arm-gnu-toolchain/bin/../lib/gcc/arm-none-eabi/6.3.1/thumb/v6-m\libgcc.a(divdf3.o)
 .debug_frame   0x00001344       0x38 c:/program files (x86)/atmel/studio/7.0/toolchain/arm/arm-gnu-toolchain/bin/../lib/gcc/arm-none-eabi/6.3.1/thumb/v6-m\libgcc.a(subdf3.o)
 .debug_frame   0x0000137c       0x2c c:/program files (x86)/atmel/studio/7.0/toolchain/arm/arm-gnu-toolchain/bin/../lib/gcc/arm-none-eabi/6.3.1/thumb/v6-m\libgcc.a(fixdfsi.o)
 .debug_frame   0x000013a8       0x28 c:/program files (x86)/atmel/studio/7.0/toolchain/arm/arm-gnu-toolchain/bin/../lib/gcc/arm-none-eabi/6.3.1/thumb/v6-m\libgcc.a(floatunsidf.o)
 .debug_frame   0x000013d0       0x2c c:/program files (x86)/atmel/studio/7.0/toolchain/arm/arm-gnu-toolchain/bin/../lib/gcc/arm-none-eabi/6.3.1/thumb/v6-m\libgcc.a(extendsfdf2.o)
 .debug_frame   0x000013fc       0x30 c:/program files (x86)/atmel/studio/7.0/toolchain/arm/arm-gnu-toolchain/bin/../lib/gcc/arm-none-eabi/6.3.1/thumb/v6-m\libgcc.a(truncdfsf2.o)
 .debug_frame   0x0000142c       0x38 c:/program files (x86)/atmel/studio/7.0/toolchain/arm/arm-gnu-toolchain/bin/../lib/gcc/arm-none-eabi/6.3.1/thumb/v6-m\libgcc.a(eqdf2.o)
 .debug_frame   0x00001464       0x38 c:/program files (x86)/atmel/studio/7.0/toolchain/arm/arm-gnu-toolchain/bin/../lib/gcc/arm-none-eabi/6.3.1/thumb/v6-m\libgcc.a(gedf2.o)
 .debug_frame   0x0000149c       0x38 c:/program files (x86)/atmel/studio/7.0/toolchain/arm/arm-gnu-toolchain/bin/../lib/gcc/arm-none-eabi/6.3.1/thumb/v6-m\libgcc.a(ledf2.o)
 .debug_frame   0x000014d4       0x20 c:/program files (x86)/atmel/studio/7.0/toolchain/arm/arm-gnu-toolchain/bin/../lib/gcc/arm-none-eabi/6.3.1/../../../../arm-none-eabi/lib/thumb/v6-m\libc.a(lib_a-errno.o)
 .debug_frame   0x000014f4       0x2c c:/program files (x86)/atmel/studio/7.0/toolchain/arm/arm-gnu-toolchain/bin/../lib/gcc/arm-none-eabi/6.3.1/../../../../arm-none-eabi/lib/thumb/v6-m\libc.a(lib_a-init.o)
 .debug_frame   0x00001520       0x28 c:/program files (x86)/atmel/studio/7.0/toolchain/arm/arm-gnu-toolchain/bin/../lib/gcc/arm-none-eabi/6.3.1/../../../../arm-none-eabi/lib/thumb/v6-m\libc.a(lib_a-strlen-stub.o)
 .debug_frame   0x00001548       0x54 c:/program files (x86)/atmel/studio/7.0/toolchain/arm/arm-gnu-toolchain/bin/../lib/gcc/arm-none-eabi/6.3.1/../../../../arm-none-eabi/lib/thumb/v6-m\libc.a(lib_a-__call_atexit.o)
 .debug_frame   0x0000159c       0x28 c:/program files (x86)/atmel/studio/7.0/toolchain/arm/arm-gnu-toolchain/bin/../lib/gcc/arm-none-eabi/6.3.1/../../../../arm-none-eabi/lib/thumb/v6-m\libc.a(lib_a-atexit.o)
 .debug_frame   0x000015c4       0x2c c:/program files (x86)/atmel/studio/7.0/toolchain/arm/arm-gnu-toolchain/bin/../lib/gcc/arm-none-eabi/6.3.1/../../../../arm-none-eabi/lib/thumb/v6-m\libc.a(lib_a-fini.o)
 .debug_frame   0x000015f0       0xb0 c:/program files (x86)/atmel/studio/7.0/toolchain/arm/arm-gnu-toolchain/bin/../lib/gcc/arm-none-eabi/6.3.1/../../../../arm-none-eabi/lib/thumb/v6-m\libc.a(lib_a-lock.o)
 .debug_frame   0x000016a0       0x3c c:/program files (x86)/atmel/studio/7.0/toolchain/arm/arm-gnu-toolchain/bin/../lib/gcc/arm-none-eabi/6.3.1/../../../../arm-none-eabi/lib/thumb/v6-m\libc.a(lib_a-__atexit.o)
